// Jest Snapshot v1, https://goo.gl/fbAQLP

exports[`matches snapshot 1`] = `
<div
  className="wrapper"
  data-testid="home"
>
  <div
    className="overlay"
  >
    <header
      className="header"
    >
      <div
        className="hamburger"
      >
        <svg
          fill="none"
          height="1em"
          stroke="currentColor"
          strokeLinecap="round"
          strokeLinejoin="round"
          strokeWidth="2"
          style={
            Object {
              "color": "#fff",
              "height": "30px",
              "width": "30px",
            }
          }
          viewBox="0 0 24 24"
          width="1em"
          xmlns="http://www.w3.org/2000/svg"
        >
          <line
            x1="3"
            x2="21"
            y1="12"
            y2="12"
          />
          <line
            x1="3"
            x2="21"
            y1="6"
            y2="6"
          />
          <line
            x1="3"
            x2="21"
            y1="18"
            y2="18"
          />
        </svg>
      </div>
      <div
        className="headerMain"
      >
        <h1
          className="heading"
        >
          Worldwide Holidays
        </h1>
      </div>
    </header>
    <main
      className="homeMain"
    >
      <h2>
        Coverage Stats
      </h2>
      <section
        className="showStats"
      >
        <div
          className="statItem"
        >
          <p
            className="value"
          >
            0
          </p>
          <p
            className="statName"
          >
            Total Recorded
          </p>
        </div>
        <div
          className="statItem"
        >
          <p
            className="value"
          >
            0
          </p>
          <p
            className="statName"
          >
            Countries
          </p>
        </div>
        <div
          className="statItem"
        >
          <p
            className="value"
          >
            0
          </p>
          <p
            className="statName"
          >
            Continents
          </p>
        </div>
      </section>
      <section
        className="showCountries"
      >
        <div
          className="filterBar"
        >
          <input
            className="searchBox"
            onChange={[Function]}
            placeholder="Search Country"
            type="text"
          />
          <select
            className="continentsDropdown"
            name="dropdownFilter"
            onChange={[Function]}
            value="All"
          >
            <option
              value="All"
            >
              All
            </option>
          </select>
        </div>
        <div
          className="countriesContainer"
        />
      </section>
    </main>
    <div
      className="popupOverlay"
      style={
        Object {
          "display": "none",
        }
      }
    >
      <div
        className="popupContainer"
      >
        <svg
          className="closeBu"
          fill="currentColor"
          height="1em"
          onClick={[Function]}
          stroke="currentColor"
          strokeWidth="0"
          style={
            Object {
              "color": undefined,
            }
          }
          viewBox="0 0 352 512"
          width="1em"
          xmlns="http://www.w3.org/2000/svg"
        >
          <path
            d="M242.72 256l100.07-100.07c12.28-12.28 12.28-32.19 0-44.48l-22.24-22.24c-12.28-12.28-32.19-12.28-44.48 0L176 189.28 75.93 89.21c-12.28-12.28-32.19-12.28-44.48 0L9.21 111.45c-12.28 12.28-12.28 32.19 0 44.48L109.28 256 9.21 356.07c-12.28 12.28-12.28 32.19 0 44.48l22.24 22.24c12.28 12.28 32.2 12.28 44.48 0L176 322.72l100.07 100.07c12.28 12.28 32.2 12.28 44.48 0l22.24-22.24c12.28-12.28 12.28-32.19 0-44.48L242.72 256z"
          />
        </svg>
        <form
          className="selectYearPopup"
          onSubmit={[Function]}
        >
          <p>
            Select Year
          </p>
          <div
            className="rdt"
          >
            <input
              className="form-control"
              onChange={[Function]}
              onClick={[Function]}
              onFocus={[Function]}
              onKeyDown={[Function]}
              type="text"
              value=""
            />
            <div
              className="rdtPicker"
            >
              <div
                className="rdtYears"
              >
                <table>
                  <thead>
                    <tr>
                      <th
                        className="rdtPrev"
                        onClick={[Function]}
                      >
                        <span>
                          ‹
                        </span>
                      </th>
                      <th
                        className="rdtSwitch"
                        onClick={[Function]}
                      >
                        2020-2029
                      </th>
                      <th
                        className="rdtNext"
                        onClick={[Function]}
                      >
                        <span>
                          ›
                        </span>
                      </th>
                    </tr>
                  </thead>
                </table>
                <table>
                  <tbody>
                    <tr>
                      <td
                        className="rdtYear"
                        data-value={2019}
                        onClick={[Function]}
                      >
                        2019
                      </td>
                      <td
                        className="rdtYear"
                        data-value={2020}
                        onClick={[Function]}
                      >
                        2020
                      </td>
                      <td
                        className="rdtYear"
                        data-value={2021}
                        onClick={[Function]}
                      >
                        2021
                      </td>
                      <td
                        className="rdtYear"
                        data-value={2022}
                        onClick={[Function]}
                      >
                        2022
                      </td>
                    </tr>
                    <tr>
                      <td
                        className="rdtYear"
                        data-value={2023}
                        onClick={[Function]}
                      >
                        2023
                      </td>
                      <td
                        className="rdtYear"
                        data-value={2024}
                        onClick={[Function]}
                      >
                        2024
                      </td>
                      <td
                        className="rdtYear"
                        data-value={2025}
                        onClick={[Function]}
                      >
                        2025
                      </td>
                      <td
                        className="rdtYear"
                        data-value={2026}
                        onClick={[Function]}
                      >
                        2026
                      </td>
                    </tr>
                    <tr>
                      <td
                        className="rdtYear"
                        data-value={2027}
                        onClick={[Function]}
                      >
                        2027
                      </td>
                      <td
                        className="rdtYear"
                        data-value={2028}
                        onClick={[Function]}
                      >
                        2028
                      </td>
                      <td
                        className="rdtYear"
                        data-value={2029}
                        onClick={[Function]}
                      >
                        2029
                      </td>
                      <td
                        className="rdtYear"
                        data-value={2030}
                        onClick={[Function]}
                      >
                        2030
                      </td>
                    </tr>
                  </tbody>
                </table>
              </div>
            </div>
          </div>
          <input
            type="submit"
            value="See Holidays"
          />
        </form>
      </div>
    </div>
  </div>
</div>
`;
